// Jest Snapshot v1, https://goo.gl/fbAQLP

exports[`renders correctly props object 1`] = `
<div
  className="MuiFormControl-root MuiTextField-root testClass"
  format="dd/MM/yyyy HH:mm"
  onClick={[Function]}
  onKeyDown={[Function]}
>
  <label
    className="MuiFormLabel-root MuiInputLabel-root MuiInputLabel-formControl MuiInputLabel-animated MuiInputLabel-shrink MuiFormLabel-filled"
    data-shrink={true}
  >
    test
  </label>
  <div
    className="MuiInputBase-root MuiInput-root MuiInput-underline MuiInputBase-formControl MuiInput-formControl"
    onClick={[Function]}
  >
    <input
      aria-invalid={false}
      autoFocus={false}
      className="MuiInputBase-input MuiInput-input"
      disabled={false}
      onAnimationStart={[Function]}
      onBlur={[Function]}
      onChange={[Function]}
      onFocus={[Function]}
      readOnly={true}
      required={false}
      type="text"
      value="01/01/2018 01:00"
    />
  </div>
  
</div>
`;
